// Jest Snapshot v1, https://goo.gl/fbAQLP

exports[`Dropdown should render my component 1`] = `
Array [
  <div
    className="dropdown"
  >
    <button
      className="dropbtn"
    >
      None
    </button>
    <div
      className="dropdown-content"
      onClick={[Function]}
    />
  </div>,
]
`;
